
Linker Version 8.7.7.220718
Input Object File: d:\work4\2_motor_general\5ch_general_rc\control board\CAR2.OBJ
Input Object File: d:\work4\2_motor_general\5ch_general_rc\control board\HT8_EXTI.OBJ
Input Object File: d:\work4\2_motor_general\5ch_general_rc\control board\HT8_IT.OBJ
Input Object File: d:\work4\2_motor_general\5ch_general_rc\control board\HT8_STM.OBJ
Input Object File: d:\work4\2_motor_general\5ch_general_rc\control board\HT8_SYS_CLOCK.OBJ
Input Object File: d:\work4\2_motor_general\5ch_general_rc\control board\HT8_TIMEBASE.OBJ
Input Object File: d:\work4\2_motor_general\5ch_general_rc\control board\HT8_WDT.OBJ

Input Library File: C:\Program Files\Holtek MCU Development Tools\HT-IDE3000V8.x\LIB\MATH6.LIB
Input Library File: C:\Program Files\Holtek MCU Development Tools\HT-IDE3000V8.x\LIB\time_mrsc.lib
Input Library File: C:\Program Files\Holtek MCU Development Tools\HT-IDE3000V8.x\LIB\ctype_mrsc.lib
Input Library File: C:\Program Files\Holtek MCU Development Tools\HT-IDE3000V8.x\LIB\math_mrsc.lib
Input Library File: C:\Program Files\Holtek MCU Development Tools\HT-IDE3000V8.x\LIB\stdlib_mrsc.lib
Input Library File: C:\Program Files\Holtek MCU Development Tools\HT-IDE3000V8.x\LIB\string_mrsc.lib


     Bank    Start     End      Length     Class    AvgIns    Name
     00h     0000h     0002h    0003h      CODE               @CODE (d:\work4\2_motor_general\5ch_general_rc\control board\CAR2.OBJ)
     00h     0003h     0003h    0001h      CODE               STARTSEC (d:\work4\2_motor_general\5ch_general_rc\control board\CAR2.OBJ)
     00h     0004h     0004h    0001h      CODE               @@INT_ISR (d:\work4\2_motor_general\5ch_general_rc\control board\CAR2.OBJ)
     00h     0005h     0007h    0003h      CODE               @turn_rightr (d:\work4\2_motor_general\5ch_general_rc\control board\CAR2.OBJ)
     00h     0008h     0008h    0001h      CODE               @@TB0_ISR (d:\work4\2_motor_general\5ch_general_rc\control board\CAR2.OBJ)
     00h     0009h     000bh    0003h      CODE               @turn_leftr (d:\work4\2_motor_general\5ch_general_rc\control board\CAR2.OBJ)
     00h     000ch     000ch    0001h      CODE               @@TB1_ISR (d:\work4\2_motor_general\5ch_general_rc\control board\CAR2.OBJ)
     00h     000dh     000fh    0003h      CODE               @turn_rightl (d:\work4\2_motor_general\5ch_general_rc\control board\CAR2.OBJ)
     00h     0010h     0010h    0001h      CODE               @@Timer_ISR (d:\work4\2_motor_general\5ch_general_rc\control board\HT8_IT.OBJ)
     00h     0011h     0013h    0003h      CODE               @turn_leftl (d:\work4\2_motor_general\5ch_general_rc\control board\CAR2.OBJ)
     00h     0014h     0014h    0001h      CODE               @@EEPROM_ISR (d:\work4\2_motor_general\5ch_general_rc\control board\HT8_IT.OBJ)
     00h     0015h     0017h    0003h      CODE               @stopr (d:\work4\2_motor_general\5ch_general_rc\control board\CAR2.OBJ)
     00h     0018h     0018h    0001h      CODE               @@ADC_ISR (d:\work4\2_motor_general\5ch_general_rc\control board\HT8_IT.OBJ)
     00h     0019h     0026h    000eh      CODE               __DELAY (C:\Program Files\Holtek MCU Development Tools\HT-IDE3000V8.x\LIB\MATH6.LIB)
     00h     0027h     01cah    01a4h      CODE               @INT_ISR (d:\work4\2_motor_general\5ch_general_rc\control board\CAR2.OBJ)
     00h     01cbh     0215h    004bh      CODE               @TB0_ISR (d:\work4\2_motor_general\5ch_general_rc\control board\CAR2.OBJ)
     00h     0216h     0220h    000bh      CODE               @TB1_ISR (d:\work4\2_motor_general\5ch_general_rc\control board\CAR2.OBJ)
     00h     0221h     0292h    0072h      CODE               @MAIN (d:\work4\2_motor_general\5ch_general_rc\control board\CAR2.OBJ)
     00h     0293h     0295h    0003h      CODE               @stopl (d:\work4\2_motor_general\5ch_general_rc\control board\CAR2.OBJ)
     00h     0296h     0297h    0002h      CODE               @Led_on (d:\work4\2_motor_general\5ch_general_rc\control board\CAR2.OBJ)
     00h     0298h     0299h    0002h      CODE               @Led_off (d:\work4\2_motor_general\5ch_general_rc\control board\CAR2.OBJ)
     00h     029ah     02a2h    0009h      CODE               @EXIT_Init (d:\work4\2_motor_general\5ch_general_rc\control board\HT8_EXTI.OBJ)
     00h     02a3h     02a9h    0007h      CODE               @STM_Init (d:\work4\2_motor_general\5ch_general_rc\control board\HT8_STM.OBJ)
     00h     02aah     02adh    0004h      CODE               @STM_PwmOutputConfig (d:\work4\2_motor_general\5ch_general_rc\control board\HT8_STM.OBJ)
     00h     02aeh     02d9h    002ch      CODE               @STM_PwmUpdate (d:\work4\2_motor_general\5ch_general_rc\control board\HT8_STM.OBJ)
     00h     02dah     02dch    0003h      CODE               @STM_SinglePulseOutputConfig (d:\work4\2_motor_general\5ch_general_rc\control board\HT8_STM.OBJ)
     00h     02ddh     02eah    000eh      CODE               @STM_SinglePulseUpdate (d:\work4\2_motor_general\5ch_general_rc\control board\HT8_STM.OBJ)
     00h     02ebh     0310h    0026h      CODE               @STM_CounterModeConfig (d:\work4\2_motor_general\5ch_general_rc\control board\HT8_STM.OBJ)
     00h     0311h     0313h    0003h      CODE               @STM_CompareMatchOutputConfig (d:\work4\2_motor_general\5ch_general_rc\control board\HT8_STM.OBJ)
     00h     0314h     033ch    0029h      CODE               @STM_CompareMatchOutputUpdate (d:\work4\2_motor_general\5ch_general_rc\control board\HT8_STM.OBJ)
     00h     033dh     033eh    0002h      CODE               @SysClockDivision_Init (d:\work4\2_motor_general\5ch_general_rc\control board\HT8_SYS_CLOCK.OBJ)
     00h     033fh     0345h    0007h      CODE               @TimeBase_Init (d:\work4\2_motor_general\5ch_general_rc\control board\HT8_TIMEBASE.OBJ)
     00h     0346h     0349h    0004h      CODE               @WDT_Init (d:\work4\2_motor_general\5ch_general_rc\control board\HT8_WDT.OBJ)
     00h     0040h     0043h    0004h      DATA     14.5      @INT_ISR (d:\work4\2_motor_general\5ch_general_rc\control board\CAR2.OBJ)
     00h     0044h     0045h    0002h      DATA     4         @TB0_ISR (d:\work4\2_motor_general\5ch_general_rc\control board\CAR2.OBJ)
     00h     0046h     0050h    000bh      DATA     2         CTMPDATA (C:\Program Files\Holtek MCU Development Tools\HT-IDE3000V8.x\LIB\MATH6.LIB)
     00h     0056h     0056h    0001h      DATA     0         @ddance (d:\work4\2_motor_general\5ch_general_rc\control board\CAR2.OBJ)
     00h     0057h     0057h    0001h      DATA     0         @dance (d:\work4\2_motor_general\5ch_general_rc\control board\CAR2.OBJ)
     00h     0058h     0058h    0001h      DATA     0         @h (d:\work4\2_motor_general\5ch_general_rc\control board\CAR2.OBJ)
     00h     0059h     0059h    0001h      DATA     0         @br (d:\work4\2_motor_general\5ch_general_rc\control board\CAR2.OBJ)
     00h     005ah     005ah    0001h      DATA     0         @bl (d:\work4\2_motor_general\5ch_general_rc\control board\CAR2.OBJ)
     00h     005bh     005bh    0001h      DATA     0         @fr (d:\work4\2_motor_general\5ch_general_rc\control board\CAR2.OBJ)
     00h     005ch     005ch    0001h      DATA     0         @bit_in (d:\work4\2_motor_general\5ch_general_rc\control board\CAR2.OBJ)
     00h     005dh     005dh    0001h      DATA     0         @fl (d:\work4\2_motor_general\5ch_general_rc\control board\CAR2.OBJ)
     00h     005eh     005fh    0002h      DATA     0         @diff (d:\work4\2_motor_general\5ch_general_rc\control board\CAR2.OBJ)
     00h     0060h     0061h    0002h      DATA     0         @td (d:\work4\2_motor_general\5ch_general_rc\control board\CAR2.OBJ)
     00h     0062h     0063h    0002h      DATA     0         @tdd (d:\work4\2_motor_general\5ch_general_rc\control board\CAR2.OBJ)
     00h     0064h     0065h    0002h      DATA     0         @time (d:\work4\2_motor_general\5ch_general_rc\control board\CAR2.OBJ)
     00h     0066h     0067h    0002h      DATA     0         @cnt (d:\work4\2_motor_general\5ch_general_rc\control board\CAR2.OBJ)
     00h     0068h     0069h    0002h      DATA     0         @buzz (d:\work4\2_motor_general\5ch_general_rc\control board\CAR2.OBJ)
     00h     006ah     006bh    0002h      DATA     0         @t1 (d:\work4\2_motor_general\5ch_general_rc\control board\CAR2.OBJ)
     00h     006ch     006dh    0002h      DATA     0         @t0 (d:\work4\2_motor_general\5ch_general_rc\control board\CAR2.OBJ)
     00h     006eh     006fh    0002h      DATA     0         @p (d:\work4\2_motor_general\5ch_general_rc\control board\CAR2.OBJ)

     Local Sections

     Bank    Start     End      Length     Class    AvgIns    Name
     00h     0051h     0051h    0000h      LOCAL    0         _INT_ISR (d:\work4\2_motor_general\5ch_general_rc\control board\CAR2.OBJ)
     00h     0051h     0051h    0000h      LOCAL    0         _turn_rightr (d:\work4\2_motor_general\5ch_general_rc\control board\CAR2.OBJ)
     00h     0051h     0051h    0000h      LOCAL    0         _turn_leftr (d:\work4\2_motor_general\5ch_general_rc\control board\CAR2.OBJ)
     00h     0051h     0051h    0000h      LOCAL    0         _stopr (d:\work4\2_motor_general\5ch_general_rc\control board\CAR2.OBJ)
     00h     0051h     0051h    0000h      LOCAL    0         _turn_rightl (d:\work4\2_motor_general\5ch_general_rc\control board\CAR2.OBJ)
     00h     0051h     0051h    0000h      LOCAL    0         _turn_leftl (d:\work4\2_motor_general\5ch_general_rc\control board\CAR2.OBJ)
     00h     0051h     0051h    0000h      LOCAL    0         _stopl (d:\work4\2_motor_general\5ch_general_rc\control board\CAR2.OBJ)
     00h     0053h     0053h    0000h      LOCAL    0         @DUMMY (d:\work4\2_motor_general\5ch_general_rc\control board\CAR2.OBJ)
     00h     0051h     0052h    0002h      LOCAL    2         _main (d:\work4\2_motor_general\5ch_general_rc\control board\CAR2.OBJ)
     00h     0051h     0051h    0000h      LOCAL    0         _SysClockDivision_Init (d:\work4\2_motor_general\5ch_general_rc\control board\HT8_SYS_CLOCK.OBJ)
     00h     0051h     0051h    0000h      LOCAL    0         _STM_Init (d:\work4\2_motor_general\5ch_general_rc\control board\HT8_STM.OBJ)
     00h     0051h     0051h    0000h      LOCAL    0         _TimeBase_Init (d:\work4\2_motor_general\5ch_general_rc\control board\HT8_TIMEBASE.OBJ)
     00h     0051h     0051h    0000h      LOCAL    0         _EXIT_Init (d:\work4\2_motor_general\5ch_general_rc\control board\HT8_EXTI.OBJ)

     Indepentent Local Sections

     Bank    Start     End      Length     Class    AvgIns    Name
     00h     0051h     0051h    0000h      ILOCAL   0         _TB0_ISR (d:\work4\2_motor_general\5ch_general_rc\control board\CAR2.OBJ)
     00h     0051h     0051h    0000h      ILOCAL   0         _TB1_ISR (d:\work4\2_motor_general\5ch_general_rc\control board\CAR2.OBJ)
     00h     0051h     0051h    0000h      ILOCAL   0         _Led_on (d:\work4\2_motor_general\5ch_general_rc\control board\CAR2.OBJ)
     00h     0051h     0051h    0000h      ILOCAL   0         _Led_off (d:\work4\2_motor_general\5ch_general_rc\control board\CAR2.OBJ)
     00h     0051h     0051h    0000h      ILOCAL   0         _STM_PwmOutputConfig (d:\work4\2_motor_general\5ch_general_rc\control board\HT8_STM.OBJ)
     00h     0051h     0055h    0005h      ILOCAL   4.2       _STM_PwmUpdate (d:\work4\2_motor_general\5ch_general_rc\control board\HT8_STM.OBJ)
     00h     0051h     0051h    0000h      ILOCAL   0         _STM_SinglePulseOutputConfig (d:\work4\2_motor_general\5ch_general_rc\control board\HT8_STM.OBJ)
     00h     0051h     0054h    0004h      ILOCAL   2.25      _STM_SinglePulseUpdate (d:\work4\2_motor_general\5ch_general_rc\control board\HT8_STM.OBJ)
     00h     0051h     0054h    0004h      ILOCAL   4.75      _STM_CounterModeConfig (d:\work4\2_motor_general\5ch_general_rc\control board\HT8_STM.OBJ)
     00h     0051h     0051h    0000h      ILOCAL   0         _STM_CompareMatchOutputConfig (d:\work4\2_motor_general\5ch_general_rc\control board\HT8_STM.OBJ)
     00h     0051h     0054h    0004h      ILOCAL   4.75      _STM_CompareMatchOutputUpdate (d:\work4\2_motor_general\5ch_general_rc\control board\HT8_STM.OBJ)
     00h     0051h     0051h    0000h      ILOCAL   0         _WDT_Init (d:\work4\2_motor_general\5ch_general_rc\control board\HT8_WDT.OBJ)
     00h     0051h     0051h    0000h      ILOCAL   0         __DELAYY (C:\Program Files\Holtek MCU Development Tools\HT-IDE3000V8.x\LIB\MATH6.LIB)

     Public Symbols Information
     Address            Public by Name
     0046h              RH
     0053h              STM_PwmUpdate0
     0055h              STM_PwmUpdate1
     0047h              V1A
     004ah              V1BP
     0049h              V1MP1
     0048h              V1S
     004bh              V2A
     004eh              V2BP
     004dh              V2MP1
     004ch              V2S
     004fh              V3A
     0050h              V3S
     029ah              _EXIT_Init
     0298h              _Led_off
     0296h              _Led_on
     0311h              _STM_CompareMatchOutputConfig
     0314h              _STM_CompareMatchOutputUpdate
     02ebh              _STM_CounterModeConfig
     02a3h              _STM_Init
     02aah              _STM_PwmOutputConfig
     02aeh              _STM_PwmUpdate
     02dah              _STM_SinglePulseOutputConfig
     02ddh              _STM_SinglePulseUpdate
     033dh              _SysClockDivision_Init
     033fh              _TimeBase_Init
     0346h              _WDT_Init
     001eh              __DELAYY0
     001dh              __DELAYY1
     001ch              __DELAYY2
     001bh              __DELAYY3
     001ah              __DELAYY4
     0019h              __DELAYY5
     005ch              _bit_in
     005ah              _bl
     0059h              _br
     0068h              _buzz
     0066h              _cnt
     0057h              _dance
     0056h              _ddance
     005eh              _diff
     005dh              _fl
     005bh              _fr
     0058h              _h
     006eh              _p
     0293h              _stopl
     0015h              _stopr
     006ch              _t0
     006ah              _t1
     0060h              _td
     0062h              _tdd
     0064h              _time
     0011h              _turn_leftl
     0009h              _turn_leftr
     000dh              _turn_rightl
     0005h              _turn_rightr

     Address            Public by Value
     0005h              _turn_rightr
     0009h              _turn_leftr
     000dh              _turn_rightl
     0011h              _turn_leftl
     0015h              _stopr
     0019h              __DELAYY5
     001ah              __DELAYY4
     001bh              __DELAYY3
     001ch              __DELAYY2
     001dh              __DELAYY1
     001eh              __DELAYY0
     0046h              RH
     0047h              V1A
     0048h              V1S
     0049h              V1MP1
     004ah              V1BP
     004bh              V2A
     004ch              V2S
     004dh              V2MP1
     004eh              V2BP
     004fh              V3A
     0050h              V3S
     0053h              STM_PwmUpdate0
     0055h              STM_PwmUpdate1
     0056h              _ddance
     0057h              _dance
     0058h              _h
     0059h              _br
     005ah              _bl
     005bh              _fr
     005ch              _bit_in
     005dh              _fl
     005eh              _diff
     0060h              _td
     0062h              _tdd
     0064h              _time
     0066h              _cnt
     0068h              _buzz
     006ah              _t1
     006ch              _t0
     006eh              _p
     0293h              _stopl
     0296h              _Led_on
     0298h              _Led_off
     029ah              _EXIT_Init
     02a3h              _STM_Init
     02aah              _STM_PwmOutputConfig
     02aeh              _STM_PwmUpdate
     02dah              _STM_SinglePulseOutputConfig
     02ddh              _STM_SinglePulseUpdate
     02ebh              _STM_CounterModeConfig
     0311h              _STM_CompareMatchOutputConfig
     0314h              _STM_CompareMatchOutputUpdate
     033dh              _SysClockDivision_Init
     033fh              _TimeBase_Init
     0346h              _WDT_Init


ROM Usage Statistics
     Size      Used     Percentage
     0400h     034ah    82%

RAM Usage Statistics
    Bank      Size      Used     Percentage
     00h       0040h     0030h    75%
     Total     0040h     0030h    75%

Use Stack Count
_INT_ISR: 1
_main: 1

Call Tree
    _INT_ISR
        _turn_rightr (0)
        _turn_leftr (0)
        _stopr (0)
        _turn_rightl (0)
        _turn_leftl (0)
        _stopl (0)
    @DUMMY
        _main (0)
            _SysClockDivision_Init (1)
            _STM_Init (1)
            _TimeBase_Init (1)
            _EXIT_Init (1)
            _stopr (1)
            _stopl (1)

HLINK: Program entry point at section '@CODE' (address 0) of file 'd:\work4\2_motor_general\5ch_general_rc\control board\CAR2.OBJ'

Total 0 error(s), Total 0 Warning(s)
