
Linker Version 8.7.7.220718
Input Object File: d:\work4\2_motor_general\5ch_general_rc\remote\PWM_TEST.OBJ
Input Object File: d:\work4\2_motor_general\5ch_general_rc\remote\HT8_IT.OBJ
Input Object File: d:\work4\2_motor_general\5ch_general_rc\remote\HT8_STM.OBJ

Input Library File: C:\Program Files\Holtek MCU Development Tools\HT-IDE3000V8.x\LIB\MATH6.LIB
Input Library File: C:\Program Files\Holtek MCU Development Tools\HT-IDE3000V8.x\LIB\time_mrsc.lib
Input Library File: C:\Program Files\Holtek MCU Development Tools\HT-IDE3000V8.x\LIB\ctype_mrsc.lib
Input Library File: C:\Program Files\Holtek MCU Development Tools\HT-IDE3000V8.x\LIB\math_mrsc.lib
Input Library File: C:\Program Files\Holtek MCU Development Tools\HT-IDE3000V8.x\LIB\stdlib_mrsc.lib
Input Library File: C:\Program Files\Holtek MCU Development Tools\HT-IDE3000V8.x\LIB\string_mrsc.lib


     Bank    Start     End      Length     Class    AvgIns    Name
     00h     0000h     0002h    0003h      CODE               @CODE (d:\work4\2_motor_general\5ch_general_rc\remote\PWM_TEST.OBJ)
     00h     0003h     0003h    0001h      CODE               STARTSEC (d:\work4\2_motor_general\5ch_general_rc\remote\PWM_TEST.OBJ)
     00h     0004h     0004h    0001h      CODE               @@INT_ISR (d:\work4\2_motor_general\5ch_general_rc\remote\HT8_IT.OBJ)
     00h     0005h     0007h    0003h      CODE               @STM_SinglePulseOutputConfig (d:\work4\2_motor_general\5ch_general_rc\remote\HT8_STM.OBJ)
     00h     0008h     0008h    0001h      CODE               @@TB0_ISR (d:\work4\2_motor_general\5ch_general_rc\remote\HT8_IT.OBJ)
     00h     000ch     000ch    0001h      CODE               @@TB1_ISR (d:\work4\2_motor_general\5ch_general_rc\remote\HT8_IT.OBJ)
     00h     0010h     0010h    0001h      CODE               @@Timer_ISR (d:\work4\2_motor_general\5ch_general_rc\remote\HT8_IT.OBJ)
     00h     0014h     0014h    0001h      CODE               @@EEPROM_ISR (d:\work4\2_motor_general\5ch_general_rc\remote\HT8_IT.OBJ)
     00h     0018h     0018h    0001h      CODE               @@ADC_ISR (d:\work4\2_motor_general\5ch_general_rc\remote\HT8_IT.OBJ)
     00h     0019h     0026h    000eh      CODE               __DELAY (C:\Program Files\Holtek MCU Development Tools\HT-IDE3000V8.x\LIB\MATH6.LIB)
     00h     0027h     00eeh    00c8h      CODE               @MAIN (d:\work4\2_motor_general\5ch_general_rc\remote\PWM_TEST.OBJ)
     00h     00efh     00f9h    000bh      CODE               @send_one (d:\work4\2_motor_general\5ch_general_rc\remote\PWM_TEST.OBJ)
     00h     00fah     0104h    000bh      CODE               @send_zero (d:\work4\2_motor_general\5ch_general_rc\remote\PWM_TEST.OBJ)
     00h     0105h     010fh    000bh      CODE               @send_sink (d:\work4\2_motor_general\5ch_general_rc\remote\PWM_TEST.OBJ)
     00h     0110h     011ah    000bh      CODE               @STM_Init (d:\work4\2_motor_general\5ch_general_rc\remote\HT8_STM.OBJ)
     00h     011bh     011eh    0004h      CODE               @STM_PwmOutputConfig (d:\work4\2_motor_general\5ch_general_rc\remote\HT8_STM.OBJ)
     00h     011fh     014ah    002ch      CODE               @STM_PwmUpdate (d:\work4\2_motor_general\5ch_general_rc\remote\HT8_STM.OBJ)
     00h     014bh     0158h    000eh      CODE               @STM_SinglePulseUpdate (d:\work4\2_motor_general\5ch_general_rc\remote\HT8_STM.OBJ)
     00h     0159h     0166h    000eh      CODE               @STM_CounterModeConfig (d:\work4\2_motor_general\5ch_general_rc\remote\HT8_STM.OBJ)
     00h     0167h     016bh    0005h      CODE               @STM_CompareMatchOutputConfig (d:\work4\2_motor_general\5ch_general_rc\remote\HT8_STM.OBJ)
     00h     016ch     0179h    000eh      CODE               @STM_CompareMatchOutputUpdate (d:\work4\2_motor_general\5ch_general_rc\remote\HT8_STM.OBJ)
     00h     0040h     0040h    0001h      DATA     12        CTMPDATA (C:\Program Files\Holtek MCU Development Tools\HT-IDE3000V8.x\LIB\MATH6.LIB)
     00h     0047h     0048h    0002h      DATA     0         @g_nCCRP (d:\work4\2_motor_general\5ch_general_rc\remote\PWM_TEST.OBJ)
     00h     0049h     004ah    0002h      DATA     0         @g_nCCRA (d:\work4\2_motor_general\5ch_general_rc\remote\PWM_TEST.OBJ)
     00h     004bh     004ch    0002h      DATA     0         @r (d:\work4\2_motor_general\5ch_general_rc\remote\PWM_TEST.OBJ)
     00h     004dh     004dh    0001h      DATA     0         @stop (d:\work4\2_motor_general\5ch_general_rc\remote\PWM_TEST.OBJ)

     Local Sections

     Bank    Start     End      Length     Class    AvgIns    Name
     00h     0047h     0047h    0000h      LOCAL    0         @DUMMY (d:\work4\2_motor_general\5ch_general_rc\remote\PWM_TEST.OBJ)
     00h     0045h     0046h    0002h      LOCAL    2         _main (d:\work4\2_motor_general\5ch_general_rc\remote\PWM_TEST.OBJ)
     00h     0041h     0041h    0000h      LOCAL    0         _STM_Init (d:\work4\2_motor_general\5ch_general_rc\remote\HT8_STM.OBJ)
     00h     0041h     0041h    0000h      LOCAL    0         _STM_CompareMatchOutputConfig (d:\work4\2_motor_general\5ch_general_rc\remote\HT8_STM.OBJ)
     00h     0041h     0044h    0004h      LOCAL    2.75      _STM_CompareMatchOutputUpdate (d:\work4\2_motor_general\5ch_general_rc\remote\HT8_STM.OBJ)
     00h     0041h     0041h    0000h      LOCAL    0         _send_sink (d:\work4\2_motor_general\5ch_general_rc\remote\PWM_TEST.OBJ)
     00h     0041h     0041h    0000h      LOCAL    0         _send_one (d:\work4\2_motor_general\5ch_general_rc\remote\PWM_TEST.OBJ)
     00h     0041h     0041h    0000h      LOCAL    0         _send_zero (d:\work4\2_motor_general\5ch_general_rc\remote\PWM_TEST.OBJ)

     Indepentent Local Sections

     Bank    Start     End      Length     Class    AvgIns    Name
     00h     0041h     0041h    0000h      ILOCAL   0         _STM_PwmOutputConfig (d:\work4\2_motor_general\5ch_general_rc\remote\HT8_STM.OBJ)
     00h     0041h     0045h    0005h      ILOCAL   4.2       _STM_PwmUpdate (d:\work4\2_motor_general\5ch_general_rc\remote\HT8_STM.OBJ)
     00h     0041h     0041h    0000h      ILOCAL   0         _STM_SinglePulseOutputConfig (d:\work4\2_motor_general\5ch_general_rc\remote\HT8_STM.OBJ)
     00h     0041h     0044h    0004h      ILOCAL   2.25      _STM_SinglePulseUpdate (d:\work4\2_motor_general\5ch_general_rc\remote\HT8_STM.OBJ)
     00h     0041h     0044h    0004h      ILOCAL   2.25      _STM_CounterModeConfig (d:\work4\2_motor_general\5ch_general_rc\remote\HT8_STM.OBJ)
     00h     0041h     0041h    0000h      ILOCAL   0         __DELAYY (C:\Program Files\Holtek MCU Development Tools\HT-IDE3000V8.x\LIB\MATH6.LIB)

     Public Symbols Information
     Address            Public by Name
     0040h              RH
     0041h              STM_CompareMatchOutputUpdate0
     0167h              _STM_CompareMatchOutputConfig
     016ch              _STM_CompareMatchOutputUpdate
     0159h              _STM_CounterModeConfig
     0110h              _STM_Init
     011bh              _STM_PwmOutputConfig
     011fh              _STM_PwmUpdate
     0005h              _STM_SinglePulseOutputConfig
     014bh              _STM_SinglePulseUpdate
     001eh              __DELAYY0
     001dh              __DELAYY1
     001ch              __DELAYY2
     001bh              __DELAYY3
     001ah              __DELAYY4
     0019h              __DELAYY5
     0049h              _g_nCCRA
     0047h              _g_nCCRP
     004bh              _r
     00efh              _send_one
     0105h              _send_sink
     00fah              _send_zero
     004dh              _stop

     Address            Public by Value
     0005h              _STM_SinglePulseOutputConfig
     0019h              __DELAYY5
     001ah              __DELAYY4
     001bh              __DELAYY3
     001ch              __DELAYY2
     001dh              __DELAYY1
     001eh              __DELAYY0
     0040h              RH
     0041h              STM_CompareMatchOutputUpdate0
     0047h              _g_nCCRP
     0049h              _g_nCCRA
     004bh              _r
     004dh              _stop
     00efh              _send_one
     00fah              _send_zero
     0105h              _send_sink
     0110h              _STM_Init
     011bh              _STM_PwmOutputConfig
     011fh              _STM_PwmUpdate
     014bh              _STM_SinglePulseUpdate
     0159h              _STM_CounterModeConfig
     0167h              _STM_CompareMatchOutputConfig
     016ch              _STM_CompareMatchOutputUpdate


ROM Usage Statistics
     Size      Used     Percentage
     0400h     016eh    35%

RAM Usage Statistics
    Bank      Size      Used     Percentage
     00h       0040h     000eh    21%
     Total     0040h     000eh    21%

Use Stack Count
_main: 1

Call Tree
    @DUMMY
        _main (0)
            _STM_Init (1)
            _STM_CompareMatchOutputConfig (1)
            _STM_CompareMatchOutputUpdate (1)
            _send_sink (1)
            _send_one (1)
            _send_zero (1)

HLINK: Program entry point at section '@CODE' (address 0) of file 'd:\work4\2_motor_general\5ch_general_rc\remote\PWM_TEST.OBJ'

Total 0 error(s), Total 0 Warning(s)
