
Linker Version 8.7.7.220718
Input Object File: d:\work4\2_motor_general\5ch_general_rc\remote\PWM_TEST.OBJ
Input Object File: d:\work4\2_motor_general\5ch_general_rc\remote\HT8_IT.OBJ
Input Object File: d:\work4\2_motor_general\5ch_general_rc\remote\HT8_STM.OBJ

Input Library File: C:\Program Files\Holtek MCU Development Tools\HT-IDE3000V8.x\LIB\MATH6.LIB
Input Library File: C:\Program Files\Holtek MCU Development Tools\HT-IDE3000V8.x\LIB\time_mrsc.lib
Input Library File: C:\Program Files\Holtek MCU Development Tools\HT-IDE3000V8.x\LIB\ctype_mrsc.lib
Input Library File: C:\Program Files\Holtek MCU Development Tools\HT-IDE3000V8.x\LIB\math_mrsc.lib
Input Library File: C:\Program Files\Holtek MCU Development Tools\HT-IDE3000V8.x\LIB\stdlib_mrsc.lib
Input Library File: C:\Program Files\Holtek MCU Development Tools\HT-IDE3000V8.x\LIB\string_mrsc.lib


     Bank    Start     End      Length     Class    AvgIns    Name
     00h     0000h     0002h    0003h      CODE               @CODE (d:\work4\2_motor_general\5ch_general_rc\remote\PWM_TEST.OBJ)
     00h     0003h     0003h    0001h      CODE               STARTSEC (d:\work4\2_motor_general\5ch_general_rc\remote\PWM_TEST.OBJ)
     00h     0004h     0004h    0001h      CODE               @@INT_ISR (d:\work4\2_motor_general\5ch_general_rc\remote\HT8_IT.OBJ)
     00h     0005h     0007h    0003h      CODE               @STM_SinglePulseOutputConfig (d:\work4\2_motor_general\5ch_general_rc\remote\HT8_STM.OBJ)
     00h     0008h     0008h    0001h      CODE               @@TB0_ISR (d:\work4\2_motor_general\5ch_general_rc\remote\HT8_IT.OBJ)
     00h     000ch     000ch    0001h      CODE               @@TB1_ISR (d:\work4\2_motor_general\5ch_general_rc\remote\HT8_IT.OBJ)
     00h     0010h     0010h    0001h      CODE               @@Timer_ISR (d:\work4\2_motor_general\5ch_general_rc\remote\HT8_IT.OBJ)
     00h     0014h     0014h    0001h      CODE               @@EEPROM_ISR (d:\work4\2_motor_general\5ch_general_rc\remote\HT8_IT.OBJ)
     00h     0018h     0018h    0001h      CODE               @@ADC_ISR (d:\work4\2_motor_general\5ch_general_rc\remote\HT8_IT.OBJ)
     00h     0019h     0026h    000eh      CODE               __DELAY (C:\Program Files\Holtek MCU Development Tools\HT-IDE3000V8.x\LIB\MATH6.LIB)
     00h     0027h     01c1h    019bh      CODE               @MAIN (d:\work4\2_motor_general\5ch_general_rc\remote\PWM_TEST.OBJ)
     00h     01c2h     01cch    000bh      CODE               @send_one (d:\work4\2_motor_general\5ch_general_rc\remote\PWM_TEST.OBJ)
     00h     01cdh     01d7h    000bh      CODE               @send_zero (d:\work4\2_motor_general\5ch_general_rc\remote\PWM_TEST.OBJ)
     00h     01d8h     01e2h    000bh      CODE               @send_sink (d:\work4\2_motor_general\5ch_general_rc\remote\PWM_TEST.OBJ)
     00h     01e3h     01edh    000bh      CODE               @STM_Init (d:\work4\2_motor_general\5ch_general_rc\remote\HT8_STM.OBJ)
     00h     01eeh     01f1h    0004h      CODE               @STM_PwmOutputConfig (d:\work4\2_motor_general\5ch_general_rc\remote\HT8_STM.OBJ)
     00h     01f2h     021dh    002ch      CODE               @STM_PwmUpdate (d:\work4\2_motor_general\5ch_general_rc\remote\HT8_STM.OBJ)
     00h     021eh     022bh    000eh      CODE               @STM_SinglePulseUpdate (d:\work4\2_motor_general\5ch_general_rc\remote\HT8_STM.OBJ)
     00h     022ch     0239h    000eh      CODE               @STM_CounterModeConfig (d:\work4\2_motor_general\5ch_general_rc\remote\HT8_STM.OBJ)
     00h     023ah     023eh    0005h      CODE               @STM_CompareMatchOutputConfig (d:\work4\2_motor_general\5ch_general_rc\remote\HT8_STM.OBJ)
     00h     023fh     024ch    000eh      CODE               @STM_CompareMatchOutputUpdate (d:\work4\2_motor_general\5ch_general_rc\remote\HT8_STM.OBJ)
     00h     0040h     0040h    0001h      DATA     9         CTMPDATA (C:\Program Files\Holtek MCU Development Tools\HT-IDE3000V8.x\LIB\MATH6.LIB)
     00h     0048h     0049h    0002h      DATA     0         @g_nCCRP (d:\work4\2_motor_general\5ch_general_rc\remote\PWM_TEST.OBJ)
     00h     004ah     004bh    0002h      DATA     0         @g_nCCRA (d:\work4\2_motor_general\5ch_general_rc\remote\PWM_TEST.OBJ)
     00h     004ch     004dh    0002h      DATA     0         @horn (d:\work4\2_motor_general\5ch_general_rc\remote\PWM_TEST.OBJ)
     00h     004eh     004fh    0002h      DATA     0         @bl (d:\work4\2_motor_general\5ch_general_rc\remote\PWM_TEST.OBJ)
     00h     0050h     0051h    0002h      DATA     0         @br (d:\work4\2_motor_general\5ch_general_rc\remote\PWM_TEST.OBJ)
     00h     0052h     0053h    0002h      DATA     0         @fl (d:\work4\2_motor_general\5ch_general_rc\remote\PWM_TEST.OBJ)
     00h     0054h     0055h    0002h      DATA     0         @fr (d:\work4\2_motor_general\5ch_general_rc\remote\PWM_TEST.OBJ)
     00h     0056h     0057h    0002h      DATA     0         @r (d:\work4\2_motor_general\5ch_general_rc\remote\PWM_TEST.OBJ)
     00h     0058h     0058h    0001h      DATA     0         @stop (d:\work4\2_motor_general\5ch_general_rc\remote\PWM_TEST.OBJ)

     Local Sections

     Bank    Start     End      Length     Class    AvgIns    Name
     00h     0048h     0048h    0000h      LOCAL    0         @DUMMY (d:\work4\2_motor_general\5ch_general_rc\remote\PWM_TEST.OBJ)
     00h     0045h     0047h    0003h      LOCAL    7.6667    _main (d:\work4\2_motor_general\5ch_general_rc\remote\PWM_TEST.OBJ)
     00h     0041h     0041h    0000h      LOCAL    0         _STM_Init (d:\work4\2_motor_general\5ch_general_rc\remote\HT8_STM.OBJ)
     00h     0041h     0041h    0000h      LOCAL    0         _STM_CompareMatchOutputConfig (d:\work4\2_motor_general\5ch_general_rc\remote\HT8_STM.OBJ)
     00h     0041h     0044h    0004h      LOCAL    2.75      _STM_CompareMatchOutputUpdate (d:\work4\2_motor_general\5ch_general_rc\remote\HT8_STM.OBJ)
     00h     0041h     0041h    0000h      LOCAL    0         _send_sink (d:\work4\2_motor_general\5ch_general_rc\remote\PWM_TEST.OBJ)
     00h     0041h     0041h    0000h      LOCAL    0         _send_one (d:\work4\2_motor_general\5ch_general_rc\remote\PWM_TEST.OBJ)
     00h     0041h     0041h    0000h      LOCAL    0         _send_zero (d:\work4\2_motor_general\5ch_general_rc\remote\PWM_TEST.OBJ)

     Indepentent Local Sections

     Bank    Start     End      Length     Class    AvgIns    Name
     00h     0041h     0041h    0000h      ILOCAL   0         _STM_PwmOutputConfig (d:\work4\2_motor_general\5ch_general_rc\remote\HT8_STM.OBJ)
     00h     0041h     0045h    0005h      ILOCAL   4.2       _STM_PwmUpdate (d:\work4\2_motor_general\5ch_general_rc\remote\HT8_STM.OBJ)
     00h     0041h     0041h    0000h      ILOCAL   0         _STM_SinglePulseOutputConfig (d:\work4\2_motor_general\5ch_general_rc\remote\HT8_STM.OBJ)
     00h     0041h     0044h    0004h      ILOCAL   2.25      _STM_SinglePulseUpdate (d:\work4\2_motor_general\5ch_general_rc\remote\HT8_STM.OBJ)
     00h     0041h     0044h    0004h      ILOCAL   2.25      _STM_CounterModeConfig (d:\work4\2_motor_general\5ch_general_rc\remote\HT8_STM.OBJ)
     00h     0041h     0041h    0000h      ILOCAL   0         __DELAYY (C:\Program Files\Holtek MCU Development Tools\HT-IDE3000V8.x\LIB\MATH6.LIB)

     Public Symbols Information
     Address            Public by Name
     0040h              RH
     0041h              STM_CompareMatchOutputUpdate0
     023ah              _STM_CompareMatchOutputConfig
     023fh              _STM_CompareMatchOutputUpdate
     022ch              _STM_CounterModeConfig
     01e3h              _STM_Init
     01eeh              _STM_PwmOutputConfig
     01f2h              _STM_PwmUpdate
     0005h              _STM_SinglePulseOutputConfig
     021eh              _STM_SinglePulseUpdate
     001eh              __DELAYY0
     001dh              __DELAYY1
     001ch              __DELAYY2
     001bh              __DELAYY3
     001ah              __DELAYY4
     0019h              __DELAYY5
     004eh              _bl
     0050h              _br
     0052h              _fl
     0054h              _fr
     004ah              _g_nCCRA
     0048h              _g_nCCRP
     004ch              _horn
     0056h              _r
     01c2h              _send_one
     01d8h              _send_sink
     01cdh              _send_zero
     0058h              _stop

     Address            Public by Value
     0005h              _STM_SinglePulseOutputConfig
     0019h              __DELAYY5
     001ah              __DELAYY4
     001bh              __DELAYY3
     001ch              __DELAYY2
     001dh              __DELAYY1
     001eh              __DELAYY0
     0040h              RH
     0041h              STM_CompareMatchOutputUpdate0
     0048h              _g_nCCRP
     004ah              _g_nCCRA
     004ch              _horn
     004eh              _bl
     0050h              _br
     0052h              _fl
     0054h              _fr
     0056h              _r
     0058h              _stop
     01c2h              _send_one
     01cdh              _send_zero
     01d8h              _send_sink
     01e3h              _STM_Init
     01eeh              _STM_PwmOutputConfig
     01f2h              _STM_PwmUpdate
     021eh              _STM_SinglePulseUpdate
     022ch              _STM_CounterModeConfig
     023ah              _STM_CompareMatchOutputConfig
     023fh              _STM_CompareMatchOutputUpdate


ROM Usage Statistics
     Size      Used     Percentage
     0400h     0241h    56%

RAM Usage Statistics
    Bank      Size      Used     Percentage
     00h       0040h     0019h    39%
     Total     0040h     0019h    39%

Use Stack Count
_main: 1

Call Tree
    @DUMMY
        _main (0)
            _STM_Init (1)
            _STM_CompareMatchOutputConfig (1)
            _STM_CompareMatchOutputUpdate (1)
            _send_sink (1)
            _send_one (1)
            _send_zero (1)

HLINK: Program entry point at section '@CODE' (address 0) of file 'd:\work4\2_motor_general\5ch_general_rc\remote\PWM_TEST.OBJ'

Total 0 error(s), Total 0 Warning(s)
